# tools/bootstrap-oracle.ref: the source library for the C differential oracle.
#
# The C compiler does not build the production compiler. Its differential tests
# still need the last standard root that the frozen C language subset accepts.
# This full commit SHA keeps that test input separate from bootstrap.ref.
bootstrap-0 0fe521c08a4541ec8f1a9563bc177630cb59316e
