# tools/bootstrap.ref: the chain of pinned commits that builds the compiler.
#
# One line per pin, oldest first, `bootstrap-<n> <40-hex sha>`. The sha is the
# fact and the tag of the same name is a name for it. stage1, the C bootstrap,
# builds pin 0's src/fort with pin 0's std; pin k builds pin k+1's tree with
# its own std; the last pin builds HEAD's src/fort with HEAD's std into
# build/<preset>/stage2/fort. Every pin is a commit of this repository, so a
# shallow clone cannot build (notes/compiler.md 8, invariant 4).
#
# A pin moves only on need: HEAD's src/fort or std wants a form the last pin
# cannot compile. The move is its own commit -- this line and a note naming
# the need -- so the gate proves the new chain before HEAD relies on the form.
# tools/pin.sh verify reads this file at configure time.
bootstrap-0 d132989636052c4a8a01887aa86103cd64c4f2a7
